// Jest Snapshot v1, https://goo.gl/fbAQLP

exports[`lightSwitch renders correctly 1`] = `
<View
  style={
    {
      "display": "flex",
      "flexDirection": "row",
      "justifyContent": "space-between",
      "marginBottom": 20,
      "marginTop": 1,
      "width": "95%",
    }
  }
>
  <View
    accessibilityState={
      {
        "busy": undefined,
        "checked": undefined,
        "disabled": undefined,
        "expanded": undefined,
        "selected": undefined,
      }
    }
    accessibilityValue={
      {
        "max": undefined,
        "min": undefined,
        "now": undefined,
        "text": undefined,
      }
    }
    accessible={true}
    collapsable={false}
    focusable={true}
    onClick={[Function]}
    onResponderGrant={[Function]}
    onResponderMove={[Function]}
    onResponderRelease={[Function]}
    onResponderTerminate={[Function]}
    onResponderTerminationRequest={[Function]}
    onStartShouldSetResponder={[Function]}
    style={
      {
        "backgroundColor": "lightgrey",
        "borderRadius": 20,
        "borderWidth": 1,
        "opacity": 1,
        "padding": 5,
        "width": "50%",
      }
    }
  >
    <Text
      style={
        {
          "fontSize": 20,
          "textAlign": "center",
        }
      }
    >
      lights
    </Text>
  </View>
  <View
    style={
      {
        "backgroundColor": "lightgrey",
        "borderRadius": 22,
        "justifyContent": "center",
        "width": "30%",
      }
    }
  >
    <Text
      style={
        {
          "fontSize": 20,
          "textAlign": "center",
        }
      }
    >
      <Text>
        Off
      </Text>
    </Text>
  </View>
</View>
`;
